Microchip MPLAB XC8 Compiler V1.43 ()

Linker command line:

-W-3 --edf=C:\Program Files (x86)\Microchip\xc8\v1.43\dat\en_msgs.txt -cs \
  -h+dist/default/debug\1559_mTouch_demo.X.debug.sym \
  --cmf=dist/default/debug\1559_mTouch_demo.X.debug.cmf -z -w9 \
  --disl=596:off -Q16LF1559 -oC:\Users\KLAUSF~1\AppData\Local\Temp\s28g.2 \
  -Mdist/default/debug/1559_mTouch_demo.X.debug.map -E1 -ver=XC8 \
  -ACODE=00h-07FFhx4 -ASTRCODE=00h-01FFFh -ASTRING=00h-0FFhx32 \
  -ACONST=00h-0FFhx32 -AENTRY=00h-0FFhx32 -ACOMMON=070h-07Fh \
  -ABANK0=020h-06Fh -ABANK1=0A0h-0EFh -ABANK2=0120h-016Fh \
  -ABANK3=01A0h-01EFh -ABANK4=0220h-026Fh -ABANK5=02A0h-02EFh \
  -ABANK6=0320h-032Fh -ABIGRAM=02000h-021EFh \
  -ARAM=020h-06Fh,0A0h-0EFh,0120h-016Fh,01A0h-01EFh,0220h-026Fh,02A0h-02EFh,0320h-032Fh \
  -AABS1=020h-07Fh,0A0h-0EFh,0120h-016Fh,01A0h-01EFh,0220h-026Fh,02A0h-02EFh,0320h-032Fh \
  -ASFR0=00h-01Fh -ASFR1=080h-09Fh -ASFR2=0100h-011Fh -ASFR3=0180h-019Fh \
  -ASFR4=0200h-021Fh -ASFR5=0280h-029Fh -ASFR6=0300h-031Fh \
  -ASFR7=0380h-03EFh -ASFR8=0400h-046Fh -ASFR9=0480h-04EFh \
  -ASFR10=0500h-056Fh -ASFR11=0580h-05EFh -ASFR12=0600h-066Fh \
  -ASFR13=0680h-06EFh -ASFR14=0700h-076Fh -ASFR15=0780h-07EFh \
  -ASFR16=0800h-086Fh -ASFR17=0880h-08EFh -ASFR18=0900h-096Fh \
  -ASFR19=0980h-09EFh -ASFR20=0A00h-0A6Fh -ASFR21=0A80h-0AEFh \
  -ASFR22=0B00h-0B6Fh -ASFR23=0B80h-0BEFh -ASFR24=0C00h-0C6Fh \
  -ASFR25=0C80h-0CEFh -ASFR26=0D00h-0D6Fh -ASFR27=0D80h-0DEFh \
  -ASFR28=0E00h-0E6Fh -ASFR29=0E80h-0EEFh -ASFR30=0F00h-0F6Fh \
  -ASFR31=0F80h-0FEFh -preset_vec=00h,intentry,init,end_init -ppowerup=CODE \
  -pcinit=CODE -pfunctab=ENTRY -ACONFIG=08007h-08008h -pconfig=CONFIG \
  -DCONFIG=2 -AIDLOC=08000h-08003h -pidloc=IDLOC -DIDLOC=2 -DCODE=2 \
  -DSTRCODE=2 -DSTRING=2 -DCONST=2 -DENTRY=2 -k \
  C:\Users\KLAUSF~1\AppData\Local\Temp\s28g.obj \
  dist/default/debug\1559_mTouch_demo.X.debug.obj 

Object code version is 3.11

Machine type is 16LF1559



                Name                               Link     Load   Length Selector   Space Scale
C:\Users\KLAUSF~1\AppData\Local\Temp\s28g.obj
                end_init                             23       23        3        0       0
                reset_vec                             0        0        3        0       0
dist/default/debug\1559_mTouch_demo.X.debug.obj
                cinit                               7CB      7CB       35      F96       0
                intentry                              3        3       20        0       0
                text79                              99E      99E       1B     133C       0
                text78                              A26      A26       1D     144C       0
                text76                              821      821        6     1042       0
                text75                              827      827        6     104E       0
                text74                              82D      82D        6     105A       0
                text73                              833      833        6     1066       0
                text72                              1F9      1F9       92      3F2       0
                text71                              8FA      8FA       11     11F4       0
                text70                              985      985       19     130A       0
                text69                              F0F      F0F       6E     1E1E       0
                text68                              B92      B92       2F     1724       0
                text67                              16A      16A       8F      2D4       0
                text66                              A61      A61       21     14C2       0
                text65                              BF7      BF7       37     17EE       0
                text64                              800      800        1      F96       0
                text63                              801      801        1     1002       0
                text62                              802      802        1     1004       0
                text61                              E4D      E4D       58     1C9A       0
                text60                              C6F      C6F       46     18DE       0
                text59                              28B      28B       98      516       0
                text58                              957      957       17     12AE       0
                text57                              8CA      8CA       10     1194       0
                text56                              DF8      DF8       55     1BF0       0
                text55                              8DA      8DA       10     11B4       0
                text54                              A82      A82       22     1504       0
                text53                              9B9      9B9       1B     1372       0
                text52                              A43      A43       1E     1486       0
                text51                              479      479      11D      8F2       0
                text50                               E4       E4       86      1C8       0
                text49                              AC7      AC7       27     158E       0
                text48                              B66      B66       2C     16CC       0
                text47                              F7D      F7D       83     1EFA       0
                text46                              803      803        1     1006       0
                text45                              804      804        1     1008       0
                text44                              805      805        1     100A       0
                text43                              3BD      3BD       BC      77A       0
                text42                              C2E      C2E       41     185C       0
                text41                              D01      D01       50     1A02       0
                text40                              CB5      CB5       4C     196A       0
                text39                              80C      80C        4     1018       0
                text38                              8EA      8EA       10     11D4       0
                text37                               27       27       38       4E       0
                text36                              86B      86B        9     10D6       0
                text35                              8AC      8AC        F     1158       0
                text34                              890      890        E     1120       0
                text33                              89E      89E        E     113C       0
                text32                              323      323       9A      646       0
                text31                              874      874        9     10E8       0
                text30                              886      886        A     110C       0
                text29                              90B      90B       11     1216       0
                text28                              81C      81C        5     1038       0
                text27                              806      806        3     100C       0
                text26                              809      809        3     1012       0
                text25                              596      596      235      B2C       0
                text24                              EA5      EA5       6A     1D4A       0
                text23                              84B      84B        8     1096       0
                text22                              853      853        8     10A6       0
                text21                              D51      D51       53     1AA2       0
                text20                              DA4      DA4       54     1B48       0
                text19                               26       26        1        0       0
                text18                              B3C      B3C       2A     1678       0
                text17                              85B      85B        8     10B6       0
                text16                               5F       5F       85       BE       0
                text15                              9D4      9D4       1B     13A8       0
                text14                              863      863        8     10C6       0
                text13                              92E      92E       13     125C       0
                text12                              AEE      AEE       27     15DC       0
                text11                              941      941       16     1282       0
                text10                              AA4      AA4       23     1548       0
                text9                               810      810        4     1020       0
                text8                               839      839        6     1072       0
                text7                               91C      91C       12     1238       0
                text6                               9EF      9EF       1B     13DE       0
                text5                               814      814        4     1028       0
                text4                               A0A      A0A       1C     1414       0
                text3                               87D      87D        9     10FA       0
                text2                               818      818        4     1030       0
                text1                               8BB      8BB        F     1176       0
                maintext                            B15      B15       27     162A       0
                cstackBANK0                          20       20       2F       20       1
                cstackCOMMON                         70       70        A       70       1
                cstackBANK1                          D2       D2        1       A0       1
                clrtext                             83F      83F        6     107E       0
                inittext                            845      845        6     108A       0
                bssBANK3                            1A0      1A0       50      1A0       1
                dataBANK2                           120      120       36      120       1
                bssBANK1                             A0       A0       32       A0       1
                dataBANK0                            4F       4F       17       20       1
                bssBANK0                             66       66        9       20       1
                bssCOMMON                            7A       7A        2       70       1
                nvBANK0                              6F       6F        1       20       1
                stringtext4                        1050     1050       12     2000       0
                stringtext3                        1000     1000       50     2000       0
                stringtext2                        1068     1068        5     2000       0
                stringtext1                        1062     1062        6     2000       0
                idataBANK2                          BC1      BC1       36     1782       0
                idataBANK0                          96E      96E       17     12DC       0

TOTAL           Name                               Link     Load   Length     Space
        CLASS   CODE           
                end_init                             23       23        3         0
                cinit                               7CB      7CB       35         0
                intentry                              3        3       20         0
                reset_vec                             0        0        3         0
                text79                              99E      99E       1B         0
                text78                              A26      A26       1D         0
                text76                              821      821        6         0
                text75                              827      827        6         0
                text74                              82D      82D        6         0
                text73                              833      833        6         0
                text72                              1F9      1F9       92         0
                text71                              8FA      8FA       11         0
                text70                              985      985       19         0
                text69                              F0F      F0F       6E         0
                text68                              B92      B92       2F         0
                text67                              16A      16A       8F         0
                text66                              A61      A61       21         0
                text65                              BF7      BF7       37         0
                text64                              800      800        1         0
                text63                              801      801        1         0
                text62                              802      802        1         0
                text61                              E4D      E4D       58         0
                text60                              C6F      C6F       46         0
                text59                              28B      28B       98         0
                text58                              957      957       17         0
                text57                              8CA      8CA       10         0
                text56                              DF8      DF8       55         0
                text55                              8DA      8DA       10         0
                text54                              A82      A82       22         0
                text53                              9B9      9B9       1B         0
                text52                              A43      A43       1E         0
                text51                              479      479      11D         0
                text50                               E4       E4       86         0
                text49                              AC7      AC7       27         0
                text48                              B66      B66       2C         0
                text47                              F7D      F7D       83         0
                text46                              803      803        1         0
                text45                              804      804        1         0
                text44                              805      805        1         0
                text43                              3BD      3BD       BC         0
                text42                              C2E      C2E       41         0
                text41                              D01      D01       50         0
                text40                              CB5      CB5       4C         0
                text39                              80C      80C        4         0
                text38                              8EA      8EA       10         0
                text37                               27       27       38         0
                text36                              86B      86B        9         0
                text35                              8AC      8AC        F         0
                text34                              890      890        E         0
                text33                              89E      89E        E         0
                text32                              323      323       9A         0
                text31                              874      874        9         0
                text30                              886      886        A         0
                text29                              90B      90B       11         0
                text28                              81C      81C        5         0
                text27                              806      806        3         0
                text26                              809      809        3         0
                text25                              596      596      235         0
                text24                              EA5      EA5       6A         0
                text23                              84B      84B        8         0
                text22                              853      853        8         0
                text21                              D51      D51       53         0
                text20                              DA4      DA4       54         0
                text19                               26       26        1         0
                text18                              B3C      B3C       2A         0
                text17                              85B      85B        8         0
                text16                               5F       5F       85         0
                text15                              9D4      9D4       1B         0
                text14                              863      863        8         0
                text13                              92E      92E       13         0
                text12                              AEE      AEE       27         0
                text11                              941      941       16         0
                text10                              AA4      AA4       23         0
                text9                               810      810        4         0
                text8                               839      839        6         0
                text7                               91C      91C       12         0
                text6                               9EF      9EF       1B         0
                text5                               814      814        4         0
                text4                               A0A      A0A       1C         0
                text3                               87D      87D        9         0
                text2                               818      818        4         0
                text1                               8BB      8BB        F         0
                maintext                            B15      B15       27         0
                clrtext                             83F      83F        6         0
                inittext                            845      845        6         0
                idataBANK2                          BC1      BC1       36         0
                idataBANK0                          96E      96E       17         0

        CLASS   STRCODE        
                stringtext4                        1050     1050       12         0
                stringtext3                        1000     1000       50         0
                stringtext2                        1068     1068        5         0
                stringtext1                        1062     1062        6         0

        CLASS   STRING         

        CLASS   CONST          

        CLASS   ENTRY          

        CLASS   COMMON         
                cstackCOMMON                         70       70        A         1
                bssCOMMON                            7A       7A        2         1

        CLASS   BANK0          
                cstackBANK0                          20       20       2F         1
                dataBANK0                            4F       4F       17         1
                bssBANK0                             66       66        9         1
                nvBANK0                              6F       6F        1         1

        CLASS   BANK1          
                cstackBANK1                          D2       D2        1         1
                bssBANK1                             A0       A0       32         1

        CLASS   BANK2          
                dataBANK2                           120      120       36         1

        CLASS   BANK3          
                bssBANK3                            1A0      1A0       50         1

        CLASS   BANK4          

        CLASS   BANK5          

        CLASS   BANK6          

        CLASS   BIGRAM         

        CLASS   RAM            

        CLASS   ABS1           
                abs_s1                               7E       7E        2         1

        CLASS   SFR0           

        CLASS   SFR1           

        CLASS   SFR2           

        CLASS   SFR3           

        CLASS   SFR4           

        CLASS   SFR5           

        CLASS   SFR6           

        CLASS   SFR7           

        CLASS   SFR8           

        CLASS   SFR9           

        CLASS   SFR10          

        CLASS   SFR11          

        CLASS   SFR12          

        CLASS   SFR13          

        CLASS   SFR14          

        CLASS   SFR15          

        CLASS   SFR16          

        CLASS   SFR17          

        CLASS   SFR18          

        CLASS   SFR19          

        CLASS   SFR20          

        CLASS   SFR21          

        CLASS   SFR22          

        CLASS   SFR23          

        CLASS   SFR24          

        CLASS   SFR25          

        CLASS   SFR26          

        CLASS   SFR27          

        CLASS   SFR28          

        CLASS   SFR29          

        CLASS   SFR30          

        CLASS   SFR31          

        CLASS   CONFIG         

        CLASS   IDLOC          

        CLASS   BANK31         

        CLASS   BANK30         

        CLASS   BANK29         

        CLASS   BANK28         

        CLASS   BANK27         

        CLASS   BANK26         

        CLASS   BANK25         

        CLASS   BANK24         

        CLASS   BANK23         

        CLASS   BANK22         

        CLASS   BANK21         

        CLASS   BANK20         

        CLASS   BANK19         

        CLASS   BANK18         

        CLASS   BANK17         

        CLASS   BANK16         

        CLASS   BANK15         

        CLASS   BANK14         

        CLASS   BANK13         

        CLASS   BANK12         

        CLASS   BANK11         

        CLASS   BANK10         

        CLASS   BANK9          

        CLASS   BANK8          

        CLASS   BANK7          

        CLASS   STACK          

        CLASS   EEDATA         



SEGMENTS        Name                           Load    Length   Top    Selector   Space  Class     Delta

                reset_vec                      000000  000027  000027         0       0  CODE        2
                cstackBANK0                    000020  000050  000070        20       1  BANK0       1
                text37                         000027  000038  00005F        4E       0  CODE        2
                cstackCOMMON                   000070  00000C  00007C        70       1  COMMON      1
                bssBANK1                       0000A0  000033  0000D3        A0       1  BANK1       1
                text16                         00005F  000085  0000E4        BE       0  CODE        2
                dataBANK2                      000120  000036  000156       120       1  BANK2       1
                bssBANK3                       0001A0  000050  0001F0       1A0       1  BANK3       1
                text50                         0000E4  000086  00016A       1C8       0  CODE        2
                text67                         00016A  00008F  0001F9       2D4       0  CODE        2
                text72                         0001F9  000092  00028B       3F2       0  CODE        2
                text59                         00028B  000098  000323       516       0  CODE        2
                text32                         000323  00009A  0003BD       646       0  CODE        2
                text43                         0003BD  0000BC  000479       77A       0  CODE        2
                text51                         000479  00011D  000596       8F2       0  CODE        2
                text25                         000596  000235  0007CB       B2C       0  CODE        2
                cinit                          0007CB  000036  000801       F96       0  CODE        2
                text63                         000801  000001  000802      1002       0  CODE        2
                text62                         000802  000001  000803      1004       0  CODE        2
                text46                         000803  000001  000804      1006       0  CODE        2
                text45                         000804  000001  000805      1008       0  CODE        2
                text44                         000805  000001  000806      100A       0  CODE        2
                text27                         000806  000003  000809      100C       0  CODE        2
                text26                         000809  000003  00080C      1012       0  CODE        2
                text39                         00080C  000004  000810      1018       0  CODE        2
                text9                          000810  000004  000814      1020       0  CODE        2
                text5                          000814  000004  000818      1028       0  CODE        2
                text2                          000818  000004  00081C      1030       0  CODE        2
                text28                         00081C  000005  000821      1038       0  CODE        2
                text76                         000821  000006  000827      1042       0  CODE        2
                text75                         000827  000006  00082D      104E       0  CODE        2
                text74                         00082D  000006  000833      105A       0  CODE        2
                text73                         000833  000006  000839      1066       0  CODE        2
                text8                          000839  000006  00083F      1072       0  CODE        2
                clrtext                        00083F  000006  000845      107E       0  CODE        2
                inittext                       000845  000006  00084B      108A       0  CODE        2
                text23                         00084B  000008  000853      1096       0  CODE        2
                text22                         000853  000008  00085B      10A6       0  CODE        2
                text17                         00085B  000008  000863      10B6       0  CODE        2
                text14                         000863  000008  00086B      10C6       0  CODE        2
                text36                         00086B  000009  000874      10D6       0  CODE        2
                text31                         000874  000009  00087D      10E8       0  CODE        2
                text3                          00087D  000009  000886      10FA       0  CODE        2
                text30                         000886  00000A  000890      110C       0  CODE        2
                text34                         000890  00000E  00089E      1120       0  CODE        2
                text33                         00089E  00000E  0008AC      113C       0  CODE        2
                text35                         0008AC  00000F  0008BB      1158       0  CODE        2
                text1                          0008BB  00000F  0008CA      1176       0  CODE        2
                text57                         0008CA  000010  0008DA      1194       0  CODE        2
                text55                         0008DA  000010  0008EA      11B4       0  CODE        2
                text38                         0008EA  000010  0008FA      11D4       0  CODE        2
                text71                         0008FA  000011  00090B      11F4       0  CODE        2
                text29                         00090B  000011  00091C      1216       0  CODE        2
                text7                          00091C  000012  00092E      1238       0  CODE        2
                text13                         00092E  000013  000941      125C       0  CODE        2
                text11                         000941  000016  000957      1282       0  CODE        2
                text58                         000957  000017  00096E      12AE       0  CODE        2
                idataBANK0                     00096E  000017  000985      12DC       0  CODE        2
                text70                         000985  000019  00099E      130A       0  CODE        2
                text79                         00099E  00001B  0009B9      133C       0  CODE        2
                text53                         0009B9  00001B  0009D4      1372       0  CODE        2
                text15                         0009D4  00001B  0009EF      13A8       0  CODE        2
                text6                          0009EF  00001B  000A0A      13DE       0  CODE        2
                text4                          000A0A  00001C  000A26      1414       0  CODE        2
                text78                         000A26  00001D  000A43      144C       0  CODE        2
                text52                         000A43  00001E  000A61      1486       0  CODE        2
                text66                         000A61  000021  000A82      14C2       0  CODE        2
                text54                         000A82  000022  000AA4      1504       0  CODE        2
                text10                         000AA4  000023  000AC7      1548       0  CODE        2
                text49                         000AC7  000027  000AEE      158E       0  CODE        2
                text12                         000AEE  000027  000B15      15DC       0  CODE        2
                maintext                       000B15  000027  000B3C      162A       0  CODE        2
                text18                         000B3C  00002A  000B66      1678       0  CODE        2
                text48                         000B66  00002C  000B92      16CC       0  CODE        2
                text68                         000B92  00002F  000BC1      1724       0  CODE        2
                idataBANK2                     000BC1  000036  000BF7      1782       0  CODE        2
                text65                         000BF7  000037  000C2E      17EE       0  CODE        2
                text42                         000C2E  000041  000C6F      185C       0  CODE        2
                text60                         000C6F  000046  000CB5      18DE       0  CODE        2
                text40                         000CB5  00004C  000D01      196A       0  CODE        2
                text41                         000D01  000050  000D51      1A02       0  CODE        2
                text21                         000D51  000053  000DA4      1AA2       0  CODE        2
                text20                         000DA4  000054  000DF8      1B48       0  CODE        2
                text56                         000DF8  000055  000E4D      1BF0       0  CODE        2
                text61                         000E4D  000058  000EA5      1C9A       0  CODE        2
                text24                         000EA5  00006A  000F0F      1D4A       0  CODE        2
                text69                         000F0F  00006E  000F7D      1E1E       0  CODE        2
                text47                         000F7D  000083  001000      1EFA       0  CODE        2
                stringtext3                    001000  00006D  00106D      2000       0  STRCODE     2


UNUSED ADDRESS RANGES

        Name                Unused          Largest block    Delta
        BANK1            00D3-00EF             1D           1
        BANK2            0156-016F             1A           1
        BANK4            0220-026F             50           1
        BANK5            02A0-02EF             50           1
        BANK6            0320-032F             10           1
        BIGRAM           2000-21EF            1F0           1
        CODE             106D-1FFF            793           2
        COMMON           007C-007D              2           1
        CONFIG           8007-8008              2           2
        CONST            106D-1FFF            100           2
        ENTRY            106D-1FFF            100           2
        IDLOC            8000-8003              4           2
        RAM              00D3-00EF             1D           1
                         0156-016F             1A
                         0220-026F             50
                         02A0-02EF             50
                         0320-032F             10
        SFR0             0000-001F             20           1
        SFR1             0080-009F             20           1
        SFR10            0500-056F             70           1
        SFR11            0580-05EF             70           1
        SFR12            0600-066F             70           1
        SFR13            0680-06EF             70           1
        SFR14            0700-076F             70           1
        SFR15            0780-07EF             70           1
        SFR16            0800-086F             70           1
        SFR17            0880-08EF             70           1
        SFR18            0900-096F             70           1
        SFR19            0980-09EF             70           1
        SFR2             0100-011F             20           1
        SFR20            0A00-0A6F             70           1
        SFR21            0A80-0AEF             70           1
        SFR22            0B00-0B6F             70           1
        SFR23            0B80-0BEF             70           1
        SFR24            0C00-0C6F             70           1
        SFR25            0C80-0CEF             70           1
        SFR26            0D00-0D6F             70           1
        SFR27            0D80-0DEF             70           1
        SFR28            0E00-0E6F             70           1
        SFR29            0E80-0EEF             70           1
        SFR3             0180-019F             20           1
        SFR30            0F00-0F6F             70           1
        SFR31            0F80-0FEF             70           1
        SFR4             0200-021F             20           1
        SFR5             0280-029F             20           1
        SFR6             0300-031F             20           1
        SFR7             0380-03EF             70           1
        SFR8             0400-046F             70           1
        SFR9             0480-04EF             70           1
        STRCODE          106D-1FFF            F93           2
        STRING           106D-1FFF            100           2

                                  Symbol Table

?_MTOUCH_Proximity_Baseline_Get                       cstackBANK0  0021
?_MTOUCH_Proximity_Reading_Get                        cstackCOMMON 0072
?_MTOUCH_Sensor_RawSample_Get                         cstackCOMMON 0076
?_Proximity_Baseline_Get_helper                       cstackCOMMON 0072
?_abs                                                 cstackCOMMON 0072
Button_Baseline_Initialize@button                     cstackBANK0  0024
Button_Baseline_Update@button                         cstackBANK0  0026
Button_Deviation_Update@button                        cstackCOMMON 0072
Button_Deviation_Update@deviation                     cstackCOMMON 0073
Button_Reading_Update@button                          cstackBANK0  0022
Button_Service@button                                 cstackBANK0  002D
Button_Service@name                                   cstackBANK0  002C
Button_State_Initializing@button                      cstackBANK0  0027
Button_State_NotPressed@button                        cstackBANK0  0027
Button_State_Pressed@button                           cstackBANK0  0027
Button_Tick_helper@button                             cstackCOMMON 0074
MTOUCH_Button_Initialize@button                       cstackBANK0  0021
MTOUCH_Button_Initialize@name                         cstackBANK0  0020
MTOUCH_Button_ServiceAll@button                       cstackBANK0  002F
MTOUCH_Button_SetNotPressedCallback@callback          cstackCOMMON 0072
MTOUCH_Button_SetPressedCallback@callback             cstackCOMMON 0072
MTOUCH_Button_Tick@i                                  cstackCOMMON 0076
MTOUCH_Proximity_Baseline_Get@name                    cstackBANK0  0026
MTOUCH_Proximity_Initialize@name                      cstackCOMMON 0073
MTOUCH_Proximity_Initialize@prox                      cstackCOMMON 0074
MTOUCH_Proximity_Reading_Get@name                     cstackCOMMON 0077
MTOUCH_Proximity_SetActivatedCallback@callback        cstackCOMMON 0072
MTOUCH_Proximity_SetNotActivatedCallback@callback     cstackCOMMON 0072
MTOUCH_Sensor_Calibrate@sensor                        cstackCOMMON 0077
MTOUCH_Sensor_RawSample_Get@name                      cstackCOMMON 0079
MTOUCH_Sensor_SampleAll@group                         cstackBANK1  00D2
MTOUCH_Sensor_Sampled_ResetAll@sensor                 cstackCOMMON 0074
MTOUCH_Sensor_isCalibrated@sensor                     cstackCOMMON 0077
MTOUCH_Sensor_wasSampled@sensor                       cstackCOMMON 0077
Proximity_Baseline_Get_helper@name                    cstackBANK0  0020
Proximity_Baseline_Initialize@prox                    cstackBANK0  0024
Proximity_Baseline_Update@prox                        cstackCOMMON 0076
Proximity_Deviation_Update@deviation                  cstackBANK0  0030
Proximity_Deviation_Update@name                       cstackBANK0  0034
Proximity_Reading_Update@prox                         cstackBANK0  0024
Proximity_Service@name                                cstackBANK0  0036
Proximity_Service@prox                                cstackBANK0  0037
Proximity_State_Activated@prox                        cstackBANK0  0027
Proximity_State_Initializing@prox                     cstackBANK0  0027
Proximity_State_NotActivated@deviation                cstackBANK0  002C
Proximity_State_NotActivated@prox                     cstackBANK0  0027
Proximity_Tick_helper@prox                            cstackCOMMON 0074
Sensor_Acq_ExecutePacket@AD1CON2_temp                 cstackBANK0  0028
Sensor_Acq_ExecutePacket@AD2CON2_temp                 cstackBANK0  0029
Sensor_Acq_ExecutePacket@ADCOMCON_temp                cstackBANK0  0027
Sensor_Acq_ExecutePacket@ADxIF_flag                   cstackBANK0  002A
Sensor_Acq_ExecutePacket@activeSensor                 cstackBANK0  002C
Sensor_Acq_ExecutePacket@error                        cstackBANK0  002B
Sensor_Acq_ExecutePacket@last_a                       cstackBANK0  002D
Sensor_Acq_ExecutePacket@last_b                       cstackBANK0  002F
Sensor_Acq_ExecutePacket@packet_counter               cstackBANK0  0031
Sensor_Acq_ExecutePacket@sensor_adc1                  cstackBANK0  0033
Sensor_Acq_ExecutePacket@sensor_adc2                  cstackBANK0  0024
Sensor_Acq_ExecutePacket@sensor_globalFlags           cstackBANK0  0032
Sensor_Acquisition@error                              cstackBANK0  0043
Sensor_Acquisition@sensor_adc1                        cstackBANK0  0044
Sensor_Acquisition@sensor_adc2                        cstackBANK0  0040
Sensor_DefaultCallback@sensor                         cstackCOMMON 0072
Sensor_RawSample_Update@adcIndex                      cstackBANK0  0020
Sensor_RawSample_Update@sensor                        cstackBANK0  0021
Sensor_Sampled_Reset@sensor                           cstackCOMMON 0072
Sensor_Scanfrequency_Evaluation@best_packet_sample    cstackBANK0  003B
Sensor_Scanfrequency_Evaluation@best_sample_period    cstackBANK0  003A
Sensor_Scanfrequency_Evaluation@frequency_hop         stringtext2  1068
Sensor_Scanfrequency_Evaluation@i                     cstackBANK0  003F
Sensor_Scanfrequency_Evaluation@packet_noise_Max      cstackBANK0  0038
Sensor_Scanfrequency_Evaluation@sensor_adc1           cstackBANK0  0037
Sensor_Scanfrequency_Evaluation@sensor_adc2           cstackBANK0  0034
Sensor_Service@error                                  cstackBANK0  004B
Sensor_Service@scanGroup                              cstackBANK0  004A
Sensor_Service@sensor_adc1                            cstackBANK0  004C
Sensor_Service@sensor_adc2                            cstackBANK0  004D
Sensor_autoCalibration@adcIndex                       cstackCOMMON 0078
Sensor_autoCalibration@sensor                         cstackCOMMON 0079
Sensor_getScanGroupIndex@sensor                       cstackCOMMON 0076
Sensor_getScanGroupIndex@sensorGroup                  cstackCOMMON 0077
Sensor_isActive@sensor                                cstackCOMMON 0072
Sensor_isCalibrated@sensor                            cstackCOMMON 0072
Sensor_isCalibratingAcqTime@sensor                    cstackCOMMON 0072
Sensor_isEnabled@sensor                               cstackCOMMON 0073
Sensor_postAcquisitionProcess@adcIndex                cstackBANK0  0020
Sensor_postAcquisitionProcess@deviation               cstackBANK0  0021
Sensor_postAcquisitionProcess@sensor                  cstackBANK0  0023
Sensor_setActive@sensor                               cstackCOMMON 0072
Sensor_setCalibratAcqTime@sensor                      cstackCOMMON 0072
Sensor_setCalibrated@sensor                           cstackCOMMON 0072
Sensor_setInactive@sensor                             cstackCOMMON 0072
Sensor_setSampled@sensor                              cstackCOMMON 0072
TMR2_LoadPeriodRegister@periodVal                     cstackCOMMON 0072
_AAD1CAP                                              (abs)        0719
_AAD1CON3                                             (abs)        0714
_AAD1GRD                                              (abs)        0718
_AAD1RES0                                             (abs)        071A
_AAD2CAP                                              (abs)        0799
_AAD2CON3                                             (abs)        0794
_AAD2GRD                                              (abs)        0798
_AAD2RES0                                             (abs)        079A
_AD1ACQCON                                            (abs)        0717
_AD1CON0                                              (abs)        0711
_AD1CON0bits                                          (abs)        0711
_AD1CON2                                              (abs)        0713
_AD1CON2bits                                          (abs)        0713
_AD1CON3                                              (abs)        0714
_AD1PRECON                                            (abs)        0716
_AD2ACQCON                                            (abs)        0797
_AD2CON0                                              (abs)        0791
_AD2CON0bits                                          (abs)        0791
_AD2CON2                                              (abs)        0793
_AD2CON2bits                                          (abs)        0793
_AD2CON3                                              (abs)        0794
_AD2PRECON                                            (abs)        0796
_ADCOMCON                                             (abs)        0712
_ANSELA                                               (abs)        018C
_ANSELAbits                                           (abs)        018C
_ANSELB                                               (abs)        018D
_ANSELBbits                                           (abs)        018D
_ANSELC                                               (abs)        018E
_ANSELCbits                                           (abs)        018E
_APFCON                                               (abs)        011D
_APFCONbits                                           (abs)        011D
_BAUDCON                                              (abs)        019F
_Button_Baseline_Initialize                           text68       0B92
_Button_Baseline_Update                               text67       016A
_Button_DefaultCallback                               text63       0801
_Button_Deviation_Update                              text72       01F9
_Button_Reading_Update                                text69       0F0F
_Button_Service                                       text56       0DF8
_Button_StateMachine                                  dataBANK0    0055
_Button_State_Initializing                            text60       0C6F
_Button_State_NotPressed                              text59       028B
_Button_State_Pressed                                 text61       0E4D
_Button_Tick_helper                                   text12       0AEE
_EUSART_Initialize                                    text6        09EF
_EUSART_Receive_ISR                                   text79       099E
_EUSART_Transmit_ISR                                  text78       0A26
_INTCONbits                                           (abs)        000B
_INTERRUPT_InterruptManager                           intentry     0003
_LATA                                                 (abs)        010C
_LATB                                                 (abs)        010D
_LATC                                                 (abs)        010E
_MTOUCH_Button_Initialize                             text65       0BF7
_MTOUCH_Button_ServiceAll                             text55       08DA
_MTOUCH_Button_SetNotPressedCallback                  text76       0821
_MTOUCH_Button_SetPressedCallback                     text75       0827
_MTOUCH_Button_Tick                                   text11       0941
_MTOUCH_Proximity_Baseline_Get                        text53       09B9
_MTOUCH_Proximity_Initialize                          text49       0AC7
_MTOUCH_Proximity_Reading_Get                         text52       0A43
_MTOUCH_Proximity_ServiceAll                          text39       080C
_MTOUCH_Proximity_SetActivatedCallback                text74       082D
_MTOUCH_Proximity_SetNotActivatedCallback             text73       0833
_MTOUCH_Proximity_Tick                                text9        0810
_MTOUCH_Sensor_Calibrate                              text66       0A61
_MTOUCH_Sensor_RawSample_Get                          text70       0985
_MTOUCH_Sensor_SampleAll                              text15       09D4
_MTOUCH_Sensor_Sampled_ResetAll                       text13       092E
_MTOUCH_Sensor_Scan_Initialize                        text38       08EA
_MTOUCH_Sensor_isCalibrated                           text58       0957
_MTOUCH_Sensor_wasSampled                             text57       08CA
_MTOUCH_Service_Mainloop                              text7        091C
_MTOUCH_Tick                                          text8        0839
_OPTION_REGbits                                       (abs)        0095
_OSCCON                                               (abs)        0099
_OSCILLATOR_Initialize                                text5        0814
_PIE1bits                                             (abs)        0091
_PIN_MANAGER_Initialize                               text4        0A0A
_PIR1bits                                             (abs)        0011
_PIR2bits                                             (abs)        0012
_PR2                                                  (abs)        001B
_Proximity_Baseline_Get_helper                        text54       0A82
_Proximity_Baseline_Initialize                        text48       0B66
_Proximity_Baseline_Update                            text47       0F7D
_Proximity_DefaultCallback                            text45       0804
_Proximity_Deviation_Update                           text51       0479
_Proximity_Reading_Update                             text50       00E4
_Proximity_Service                                    text40       0CB5
_Proximity_StateMachine                               dataBANK0    004F
_Proximity_State_Activated                            text41       0D01
_Proximity_State_Initializing                         text42       0C2E
_Proximity_State_NotActivated                         text43       03BD
_Proximity_Tick_helper                                text10       0AA4
_RCREG                                                (abs)        0199
_RCSTA                                                (abs)        019D
_RCSTAbits                                            (abs)        019D
_SPBRGH                                               (abs)        019C
_SPBRGL                                               (abs)        019B
_SYSTEM_Initialize                                    text1        08BB
_Sensor_Acq_ExecutePacket                             text25       0596
_Sensor_Acquisition                                   text20       0DA4
_Sensor_DefaultCallback                               text19       0026
_Sensor_RawSample_Update                              text18       0B3C
_Sensor_Sampled_Reset                                 text14       0863
_Sensor_Scanfrequency_Evaluation                      text24       0EA5
_Sensor_Service                                       text16       005F
_Sensor_autoCalibration                               text32       0323
_Sensor_getScanGroupIndex                             text37       0027
_Sensor_isActive                                      text31       0874
_Sensor_isCalibrated                                  text30       0886
_Sensor_isCalibratingAcqTime                          text36       086B
_Sensor_isEnabled                                     text29       090B
_Sensor_postAcquisitionProcess                        text21       0D51
_Sensor_setActive                                     text23       084B
_Sensor_setCalibratAcqTime                            text35       08AC
_Sensor_setCalibrated                                 text34       0890
_Sensor_setInactive                                   text22       0853
_Sensor_setSampled                                    text17       085B
_T2CON                                                (abs)        001C
_T2CONbits                                            (abs)        001C
_TMR2                                                 (abs)        001A
_TMR2_Initialize                                      text3        087D
_TMR2_LoadPeriodRegister                              text28       081C
_TMR2_StartTimer                                      text27       0806
_TMR2_StopTimer                                       text26       0809
_TRISA                                                (abs)        008C
_TRISAbits                                            (abs)        008C
_TRISB                                                (abs)        008D
_TRISBbits                                            (abs)        008D
_TRISC                                                (abs)        008E
_TRISCbits                                            (abs)        008E
_TXREG                                                (abs)        019A
_TXSTA                                                (abs)        019E
_USART_SendChar                                                        
_WDTCON                                               (abs)        0097
_WDT_Initialize                                       text2        0818
_WPUA                                                 (abs)        020C
_WPUAbits                                             (abs)        020C
_WPUB                                                 (abs)        020D
_WPUBbits                                             (abs)        020D
__CFG_BOREN$ON                                        (abs)        0000
__CFG_BORV$LO                                         (abs)        0000
__CFG_CLKOUTEN$OFF                                    (abs)        0000
__CFG_CP$OFF                                          (abs)        0000
__CFG_FOSC$INTOSC                                     (abs)        0000
__CFG_LPBOR$OFF                                       (abs)        0000
__CFG_LVP$ON                                          (abs)        0000
__CFG_MCLRE$ON                                        (abs)        0000
__CFG_PWRTE$OFF                                       (abs)        0000
__CFG_STVREN$ON                                       (abs)        0000
__CFG_WDTE$OFF                                        (abs)        0000
__CFG_WRT$OFF                                         (abs)        0000
__Habs1                                               abs1         0000
__Hbank0                                              bank0        0000
__Hbank1                                              bank1        0000
__Hbank10                                             bank10       0000
__Hbank11                                             bank11       0000
__Hbank12                                             bank12       0000
__Hbank13                                             bank13       0000
__Hbank14                                             bank14       0000
__Hbank15                                             bank15       0000
__Hbank16                                             bank16       0000
__Hbank17                                             bank17       0000
__Hbank18                                             bank18       0000
__Hbank19                                             bank19       0000
__Hbank2                                              bank2        0000
__Hbank20                                             bank20       0000
__Hbank21                                             bank21       0000
__Hbank22                                             bank22       0000
__Hbank23                                             bank23       0000
__Hbank24                                             bank24       0000
__Hbank25                                             bank25       0000
__Hbank26                                             bank26       0000
__Hbank27                                             bank27       0000
__Hbank28                                             bank28       0000
__Hbank29                                             bank29       0000
__Hbank3                                              bank3        0000
__Hbank30                                             bank30       0000
__Hbank31                                             bank31       0000
__Hbank4                                              bank4        0000
__Hbank5                                              bank5        0000
__Hbank6                                              bank6        0000
__Hbank7                                              bank7        0000
__Hbank8                                              bank8        0000
__Hbank9                                              bank9        0000
__Hbigram                                             bigram       0000
__HbssBANK0                                           bssBANK0     0000
__HbssBANK1                                           bssBANK1     0000
__HbssBANK3                                           bssBANK3     0000
__HbssCOMMON                                          bssCOMMON    0000
__Hcinit                                              cinit        0800
__Hclrtext                                            clrtext      0000
__Hcode                                               code         0000
__Hcommon                                             common       0000
__Hconfig                                             config       0000
__HcstackBANK0                                        cstackBANK0  0000
__HcstackBANK1                                        cstackBANK1  0000
__HcstackCOMMON                                       cstackCOMMON 0000
__HdataBANK0                                          dataBANK0    0000
__HdataBANK2                                          dataBANK2    0000
__Heeprom_data                                        eeprom_data  0000
__Hend_init                                           end_init     0026
__Hfunctab                                            functab      0000
__HidataBANK0                                         idataBANK0   0000
__HidataBANK2                                         idataBANK2   0000
__Hidloc                                              idloc        0000
__Hinit                                               init         0023
__Hinittext                                           inittext     0000
__Hintentry                                           intentry     0023
__Hmaintext                                           maintext     0000
__HnvBANK0                                            nvBANK0      0000
__Hpowerup                                            powerup      0000
__Hram                                                ram          0000
__Hreset_vec                                          reset_vec    0003
__Hsfr0                                               sfr0         0000
__Hsfr1                                               sfr1         0000
__Hsfr10                                              sfr10        0000
__Hsfr11                                              sfr11        0000
__Hsfr12                                              sfr12        0000
__Hsfr13                                              sfr13        0000
__Hsfr14                                              sfr14        0000
__Hsfr15                                              sfr15        0000
__Hsfr16                                              sfr16        0000
__Hsfr17                                              sfr17        0000
__Hsfr18                                              sfr18        0000
__Hsfr19                                              sfr19        0000
__Hsfr2                                               sfr2         0000
__Hsfr20                                              sfr20        0000
__Hsfr21                                              sfr21        0000
__Hsfr22                                              sfr22        0000
__Hsfr23                                              sfr23        0000
__Hsfr24                                              sfr24        0000
__Hsfr25                                              sfr25        0000
__Hsfr26                                              sfr26        0000
__Hsfr27                                              sfr27        0000
__Hsfr28                                              sfr28        0000
__Hsfr29                                              sfr29        0000
__Hsfr3                                               sfr3         0000
__Hsfr30                                              sfr30        0000
__Hsfr31                                              sfr31        0000
__Hsfr4                                               sfr4         0000
__Hsfr5                                               sfr5         0000
__Hsfr6                                               sfr6         0000
__Hsfr7                                               sfr7         0000
__Hsfr8                                               sfr8         0000
__Hsfr9                                               sfr9         0000
__Hspace_0                                            (abs)        106D
__Hspace_1                                            (abs)        01F0
__Hspace_2                                            (abs)        0000
__Hspace_3                                            (abs)        0000
__Hstack                                              stack        0000
__Hstrings                                            strings      0000
__Hstringtext1                                        stringtext1  0000
__Hstringtext2                                        stringtext2  0000
__Hstringtext3                                        stringtext3  0000
__Hstringtext4                                        stringtext4  0000
__Htext                                               text         0000
__Labs1                                               abs1         0000
__Lbank0                                              bank0        0000
__Lbank1                                              bank1        0000
__Lbank10                                             bank10       0000
__Lbank11                                             bank11       0000
__Lbank12                                             bank12       0000
__Lbank13                                             bank13       0000
__Lbank14                                             bank14       0000
__Lbank15                                             bank15       0000
__Lbank16                                             bank16       0000
__Lbank17                                             bank17       0000
__Lbank18                                             bank18       0000
__Lbank19                                             bank19       0000
__Lbank2                                              bank2        0000
__Lbank20                                             bank20       0000
__Lbank21                                             bank21       0000
__Lbank22                                             bank22       0000
__Lbank23                                             bank23       0000
__Lbank24                                             bank24       0000
__Lbank25                                             bank25       0000
__Lbank26                                             bank26       0000
__Lbank27                                             bank27       0000
__Lbank28                                             bank28       0000
__Lbank29                                             bank29       0000
__Lbank3                                              bank3        0000
__Lbank30                                             bank30       0000
__Lbank31                                             bank31       0000
__Lbank4                                              bank4        0000
__Lbank5                                              bank5        0000
__Lbank6                                              bank6        0000
__Lbank7                                              bank7        0000
__Lbank8                                              bank8        0000
__Lbank9                                              bank9        0000
__Lbigram                                             bigram       0000
__LbssBANK0                                           bssBANK0     0000
__LbssBANK1                                           bssBANK1     0000
__LbssBANK3                                           bssBANK3     0000
__LbssCOMMON                                          bssCOMMON    0000
__Lcinit                                              cinit        07CB
__Lclrtext                                            clrtext      0000
__Lcode                                               code         0000
__Lcommon                                             common       0000
__Lconfig                                             config       0000
__LcstackBANK0                                        cstackBANK0  0000
__LcstackBANK1                                        cstackBANK1  0000
__LcstackCOMMON                                       cstackCOMMON 0000
__LdataBANK0                                          dataBANK0    0000
__LdataBANK2                                          dataBANK2    0000
__Leeprom_data                                        eeprom_data  0000
__Lend_init                                           end_init     0023
__Lfunctab                                            functab      0000
__LidataBANK0                                         idataBANK0   0000
__LidataBANK2                                         idataBANK2   0000
__Lidloc                                              idloc        0000
__Linit                                               init         0023
__Linittext                                           inittext     0000
__Lintentry                                           intentry     0003
__Lmaintext                                           maintext     0000
__LnvBANK0                                            nvBANK0      0000
__Lpowerup                                            powerup      0000
__Lram                                                ram          0000
__Lreset_vec                                          reset_vec    0000
__Lsfr0                                               sfr0         0000
__Lsfr1                                               sfr1         0000
__Lsfr10                                              sfr10        0000
__Lsfr11                                              sfr11        0000
__Lsfr12                                              sfr12        0000
__Lsfr13                                              sfr13        0000
__Lsfr14                                              sfr14        0000
__Lsfr15                                              sfr15        0000
__Lsfr16                                              sfr16        0000
__Lsfr17                                              sfr17        0000
__Lsfr18                                              sfr18        0000
__Lsfr19                                              sfr19        0000
__Lsfr2                                               sfr2         0000
__Lsfr20                                              sfr20        0000
__Lsfr21                                              sfr21        0000
__Lsfr22                                              sfr22        0000
__Lsfr23                                              sfr23        0000
__Lsfr24                                              sfr24        0000
__Lsfr25                                              sfr25        0000
__Lsfr26                                              sfr26        0000
__Lsfr27                                              sfr27        0000
__Lsfr28                                              sfr28        0000
__Lsfr29                                              sfr29        0000
__Lsfr3                                               sfr3         0000
__Lsfr30                                              sfr30        0000
__Lsfr31                                              sfr31        0000
__Lsfr4                                               sfr4         0000
__Lsfr5                                               sfr5         0000
__Lsfr6                                               sfr6         0000
__Lsfr7                                               sfr7         0000
__Lsfr8                                               sfr8         0000
__Lsfr9                                               sfr9         0000
__Lspace_0                                            (abs)        0000
__Lspace_1                                            (abs)        0000
__Lspace_2                                            (abs)        0000
__Lspace_3                                            (abs)        0000
__Lstack                                              stack        0000
__Lstrings                                            strings      0000
__Lstringtext1                                        stringtext1  0000
__Lstringtext2                                        stringtext2  0000
__Lstringtext3                                        stringtext3  0000
__Lstringtext4                                        stringtext4  0000
__Ltext                                               text         0000
__S0                                                  (abs)        106D
__S1                                                  (abs)        01F0
___bmul                                               text71       08FA
___bmul@multiplicand                                  cstackCOMMON 0072
___bmul@multiplier                                    cstackCOMMON 0075
___bmul@product                                       cstackCOMMON 0074
___int_sp                                             stack        0000
___latbits                                            (abs)        0002
___sp                                                 stack        0000
__end_ofSensor_Scanfrequency_Evaluation@frequency_hop stringtext2  106D
__end_of_Button_Baseline_Initialize                   text68       0BC1
__end_of_Button_Baseline_Update                       text67       01F9
__end_of_Button_DefaultCallback                       text63       0802
__end_of_Button_Deviation_Update                      text72       028B
__end_of_Button_Reading_Update                        text69       0F7D
__end_of_Button_Service                               text56       0E4D
__end_of_Button_State_Initializing                    text60       0CB5
__end_of_Button_State_NotPressed                      text59       0323
__end_of_Button_State_Pressed                         text61       0EA5
__end_of_Button_Tick_helper                           text12       0B15
__end_of_EUSART_Initialize                            text6        0A0A
__end_of_EUSART_Receive_ISR                           text79       09B9
__end_of_EUSART_Transmit_ISR                          text78       0A43
__end_of_INTERRUPT_InterruptManager                   intentry     0023
__end_of_MTOUCH_Button_Initialize                     text65       0C2E
__end_of_MTOUCH_Button_ServiceAll                     text55       08EA
__end_of_MTOUCH_Button_SetNotPressedCallback          text76       0827
__end_of_MTOUCH_Button_SetPressedCallback             text75       082D
__end_of_MTOUCH_Button_Tick                           text11       0957
__end_of_MTOUCH_Proximity_Baseline_Get                text53       09D4
__end_of_MTOUCH_Proximity_Initialize                  text49       0AEE
__end_of_MTOUCH_Proximity_Reading_Get                 text52       0A61
__end_of_MTOUCH_Proximity_ServiceAll                  text39       0810
__end_of_MTOUCH_Proximity_SetActivatedCallback        text74       0833
__end_of_MTOUCH_Proximity_SetNotActivatedCallback     text73       0839
__end_of_MTOUCH_Proximity_Tick                        text9        0814
__end_of_MTOUCH_Sensor_Calibrate                      text66       0A82
__end_of_MTOUCH_Sensor_RawSample_Get                  text70       099E
__end_of_MTOUCH_Sensor_SampleAll                      text15       09EF
__end_of_MTOUCH_Sensor_Sampled_ResetAll               text13       0941
__end_of_MTOUCH_Sensor_Scan_Initialize                text38       08FA
__end_of_MTOUCH_Sensor_isCalibrated                   text58       096E
__end_of_MTOUCH_Sensor_wasSampled                     text57       08DA
__end_of_MTOUCH_Service_Mainloop                      text7        092E
__end_of_MTOUCH_Tick                                  text8        083F
__end_of_OSCILLATOR_Initialize                        text5        0818
__end_of_PIN_MANAGER_Initialize                       text4        0A26
__end_of_Proximity_Baseline_Get_helper                text54       0AA4
__end_of_Proximity_Baseline_Initialize                text48       0B92
__end_of_Proximity_Baseline_Update                    text47       1000
__end_of_Proximity_DefaultCallback                    text45       0805
__end_of_Proximity_Deviation_Update                   text51       0596
__end_of_Proximity_Reading_Update                     text50       016A
__end_of_Proximity_Service                            text40       0D01
__end_of_Proximity_State_Activated                    text41       0D51
__end_of_Proximity_State_Initializing                 text42       0C6F
__end_of_Proximity_State_NotActivated                 text43       0479
__end_of_Proximity_Tick_helper                        text10       0AC7
__end_of_SYSTEM_Initialize                            text1        08CA
__end_of_Sensor_Acq_ExecutePacket                     text25       07CB
__end_of_Sensor_Acquisition                           text20       0DF8
__end_of_Sensor_DefaultCallback                       text19       0027
__end_of_Sensor_RawSample_Update                      text18       0B66
__end_of_Sensor_Sampled_Reset                         text14       086B
__end_of_Sensor_Scanfrequency_Evaluation              text24       0F0F
__end_of_Sensor_Service                               text16       00E4
__end_of_Sensor_autoCalibration                       text32       03BD
__end_of_Sensor_getScanGroupIndex                     text37       005F
__end_of_Sensor_isActive                              text31       087D
__end_of_Sensor_isCalibrated                          text30       0890
__end_of_Sensor_isCalibratingAcqTime                  text36       0874
__end_of_Sensor_isEnabled                             text29       091C
__end_of_Sensor_postAcquisitionProcess                text21       0DA4
__end_of_Sensor_setActive                             text23       0853
__end_of_Sensor_setCalibratAcqTime                    text35       08BB
__end_of_Sensor_setCalibrated                         text34       089E
__end_of_Sensor_setInactive                           text22       085B
__end_of_Sensor_setSampled                            text17       0863
__end_of_TMR2_Initialize                              text3        0886
__end_of_TMR2_LoadPeriodRegister                      text28       0821
__end_of_TMR2_StartTimer                              text27       0809
__end_of_TMR2_StopTimer                               text26       080C
__end_of_WDT_Initialize                               text2        081C
__end_of___bmul                                       text71       090B
__end_of__initialization                              cinit        07FC
__end_of_abs                                          text33       08AC
__end_of_main                                         maintext     0B3C
__end_of_mtouch_button_init                           stringtext3  1050
__end_of_mtouch_proximity_init                        stringtext4  1062
__end_of_processButtonRelease                         text64       0801
__end_of_processButtonTouch                           text62       0803
__end_of_processProximityActivate                     text46       0804
__end_of_processProximityNotActivate                  text44       0806
__end_of_sensor_scan_group                            stringtext1  1068
__initialization                                      cinit        07CB
__pbssBANK0                                           bssBANK0     0066
__pbssBANK1                                           bssBANK1     00A0
__pbssBANK3                                           bssBANK3     01A0
__pbssCOMMON                                          bssCOMMON    007A
__pcstackBANK0                                        cstackBANK0  0020
__pcstackBANK1                                        cstackBANK1  00D2
__pcstackCOMMON                                       cstackCOMMON 0070
__pdataBANK0                                          dataBANK0    004F
__pdataBANK2                                          dataBANK2    0120
__pidataBANK0                                         idataBANK0   096E
__pidataBANK2                                         idataBANK2   0BC1
__pintentry                                           intentry     0003
__pmaintext                                           maintext     0B15
__pnvBANK0                                            nvBANK0      006F
__pstringtext1                                        stringtext1  1062
__pstringtext2                                        stringtext2  1068
__pstringtext3                                        stringtext3  1000
__pstringtext4                                        stringtext4  1050
__ptext1                                              text1        08BB
__ptext10                                             text10       0AA4
__ptext11                                             text11       0941
__ptext12                                             text12       0AEE
__ptext13                                             text13       092E
__ptext14                                             text14       0863
__ptext15                                             text15       09D4
__ptext16                                             text16       005F
__ptext17                                             text17       085B
__ptext18                                             text18       0B3C
__ptext19                                             text19       0026
__ptext2                                              text2        0818
__ptext20                                             text20       0DA4
__ptext21                                             text21       0D51
__ptext22                                             text22       0853
__ptext23                                             text23       084B
__ptext24                                             text24       0EA5
__ptext25                                             text25       0596
__ptext26                                             text26       0809
__ptext27                                             text27       0806
__ptext28                                             text28       081C
__ptext29                                             text29       090B
__ptext3                                              text3        087D
__ptext30                                             text30       0886
__ptext31                                             text31       0874
__ptext32                                             text32       0323
__ptext33                                             text33       089E
__ptext34                                             text34       0890
__ptext35                                             text35       08AC
__ptext36                                             text36       086B
__ptext37                                             text37       0027
__ptext38                                             text38       08EA
__ptext39                                             text39       080C
__ptext4                                              text4        0A0A
__ptext40                                             text40       0CB5
__ptext41                                             text41       0D01
__ptext42                                             text42       0C2E
__ptext43                                             text43       03BD
__ptext44                                             text44       0805
__ptext45                                             text45       0804
__ptext46                                             text46       0803
__ptext47                                             text47       0F7D
__ptext48                                             text48       0B66
__ptext49                                             text49       0AC7
__ptext5                                              text5        0814
__ptext50                                             text50       00E4
__ptext51                                             text51       0479
__ptext52                                             text52       0A43
__ptext53                                             text53       09B9
__ptext54                                             text54       0A82
__ptext55                                             text55       08DA
__ptext56                                             text56       0DF8
__ptext57                                             text57       08CA
__ptext58                                             text58       0957
__ptext59                                             text59       028B
__ptext6                                              text6        09EF
__ptext60                                             text60       0C6F
__ptext61                                             text61       0E4D
__ptext62                                             text62       0802
__ptext63                                             text63       0801
__ptext64                                             text64       0800
__ptext65                                             text65       0BF7
__ptext66                                             text66       0A61
__ptext67                                             text67       016A
__ptext68                                             text68       0B92
__ptext69                                             text69       0F0F
__ptext7                                              text7        091C
__ptext70                                             text70       0985
__ptext71                                             text71       08FA
__ptext72                                             text72       01F9
__ptext73                                             text73       0833
__ptext74                                             text74       082D
__ptext75                                             text75       0827
__ptext76                                             text76       0821
__ptext78                                             text78       0A26
__ptext79                                             text79       099E
__ptext8                                              text8        0839
__ptext9                                              text9        0810
__size_of_Button_Baseline_Initialize                  (abs)        0000
__size_of_Button_Baseline_Update                      (abs)        0000
__size_of_Button_DefaultCallback                      (abs)        0000
__size_of_Button_Deviation_Update                     (abs)        0000
__size_of_Button_Reading_Update                       (abs)        0000
__size_of_Button_Service                              (abs)        0000
__size_of_Button_State_Initializing                   (abs)        0000
__size_of_Button_State_NotPressed                     (abs)        0000
__size_of_Button_State_Pressed                        (abs)        0000
__size_of_Button_Tick_helper                          (abs)        0000
__size_of_EUSART_Initialize                           (abs)        0000
__size_of_EUSART_Receive_ISR                          (abs)        0000
__size_of_EUSART_Transmit_ISR                         (abs)        0000
__size_of_INTERRUPT_InterruptManager                  (abs)        0000
__size_of_MTOUCH_Button_Initialize                    (abs)        0000
__size_of_MTOUCH_Button_ServiceAll                    (abs)        0000
__size_of_MTOUCH_Button_SetNotPressedCallback         (abs)        0000
__size_of_MTOUCH_Button_SetPressedCallback            (abs)        0000
__size_of_MTOUCH_Button_Tick                          (abs)        0000
__size_of_MTOUCH_Proximity_Baseline_Get               (abs)        0000
__size_of_MTOUCH_Proximity_Initialize                 (abs)        0000
__size_of_MTOUCH_Proximity_Reading_Get                (abs)        0000
__size_of_MTOUCH_Proximity_ServiceAll                 (abs)        0000
__size_of_MTOUCH_Proximity_SetActivatedCallback       (abs)        0000
__size_of_MTOUCH_Proximity_SetNotActivatedCallback    (abs)        0000
__size_of_MTOUCH_Proximity_Tick                       (abs)        0000
__size_of_MTOUCH_Sensor_Calibrate                     (abs)        0000
__size_of_MTOUCH_Sensor_RawSample_Get                 (abs)        0000
__size_of_MTOUCH_Sensor_SampleAll                     (abs)        0000
__size_of_MTOUCH_Sensor_Sampled_ResetAll              (abs)        0000
__size_of_MTOUCH_Sensor_Scan_Initialize               (abs)        0000
__size_of_MTOUCH_Sensor_isCalibrated                  (abs)        0000
__size_of_MTOUCH_Sensor_wasSampled                    (abs)        0000
__size_of_MTOUCH_Service_Mainloop                     (abs)        0000
__size_of_MTOUCH_Tick                                 (abs)        0000
__size_of_OSCILLATOR_Initialize                       (abs)        0000
__size_of_PIN_MANAGER_Initialize                      (abs)        0000
__size_of_Proximity_Baseline_Get_helper               (abs)        0000
__size_of_Proximity_Baseline_Initialize               (abs)        0000
__size_of_Proximity_Baseline_Update                   (abs)        0000
__size_of_Proximity_DefaultCallback                   (abs)        0000
__size_of_Proximity_Deviation_Update                  (abs)        0000
__size_of_Proximity_Reading_Update                    (abs)        0000
__size_of_Proximity_Service                           (abs)        0000
__size_of_Proximity_State_Activated                   (abs)        0000
__size_of_Proximity_State_Initializing                (abs)        0000
__size_of_Proximity_State_NotActivated                (abs)        0000
__size_of_Proximity_Tick_helper                       (abs)        0000
__size_of_SYSTEM_Initialize                           (abs)        0000
__size_of_Sensor_Acq_ExecutePacket                    (abs)        0000
__size_of_Sensor_Acquisition                          (abs)        0000
__size_of_Sensor_DefaultCallback                      (abs)        0000
__size_of_Sensor_RawSample_Update                     (abs)        0000
__size_of_Sensor_Sampled_Reset                        (abs)        0000
__size_of_Sensor_Scanfrequency_Evaluation             (abs)        0000
__size_of_Sensor_Service                              (abs)        0000
__size_of_Sensor_autoCalibration                      (abs)        0000
__size_of_Sensor_getScanGroupIndex                    (abs)        0000
__size_of_Sensor_isActive                             (abs)        0000
__size_of_Sensor_isCalibrated                         (abs)        0000
__size_of_Sensor_isCalibratingAcqTime                 (abs)        0000
__size_of_Sensor_isEnabled                            (abs)        0000
__size_of_Sensor_postAcquisitionProcess               (abs)        0000
__size_of_Sensor_setActive                            (abs)        0000
__size_of_Sensor_setCalibratAcqTime                   (abs)        0000
__size_of_Sensor_setCalibrated                        (abs)        0000
__size_of_Sensor_setInactive                          (abs)        0000
__size_of_Sensor_setSampled                           (abs)        0000
__size_of_TMR2_Initialize                             (abs)        0000
__size_of_TMR2_LoadPeriodRegister                     (abs)        0000
__size_of_TMR2_StartTimer                             (abs)        0000
__size_of_TMR2_StopTimer                              (abs)        0000
__size_of_WDT_Initialize                              (abs)        0000
__size_of___bmul                                      (abs)        0000
__size_of_abs                                         (abs)        0000
__size_of_main                                        (abs)        0000
__size_of_processButtonRelease                        (abs)        0000
__size_of_processButtonTouch                          (abs)        0000
__size_of_processProximityActivate                    (abs)        0000
__size_of_processProximityNotActivate                 (abs)        0000
_abs                                                  text33       089E
_callback_activated                                   dataBANK0    005D
_callback_notActivated                                dataBANK0    005B
_callback_notPressed                                  dataBANK0    005F
_callback_pressed                                     dataBANK0    0061
_callback_sampled                                     dataBANK0    0063
_eusartRxBuffer                                       bssBANK1     00A0
_eusartRxCount                                        bssBANK0     006C
_eusartRxHead                                         bssBANK0     006E
_eusartRxTail                                         bssBANK0     006D
_eusartTxBuffer                                       bssBANK1     00B0
_eusartTxBufferRemaining                              nvBANK0      006F
_eusartTxHead                                         bssCOMMON    007B
_eusartTxTail                                         bssCOMMON    007A
_main                                                 maintext     0B15
_mtouch_button                                        bssBANK3     01A0
_mtouch_button_init                                   stringtext3  1000
_mtouch_proximity                                     bssBANK1     00C0
_mtouch_proximity_init                                stringtext4  1050
_mtouch_sensor                                        dataBANK2    0120
_packet_noise                                         bssBANK0     006A
_packet_sample                                        bssBANK0     0066
_processButtonRelease                                 text64       0800
_processButtonTouch                                   text62       0802
_processProximityActivate                             text46       0803
_processProximityNotActivate                          text44       0805
_sample_period                                        dataBANK0    0065
_sensor_scan_group                                    stringtext1  1062
abs@a                                                 cstackCOMMON 0072
btemp                                                 (abs)        007E
clear_ram0                                            clrtext      083F
end_of_initialization                                 cinit        07FC
init_ram                                              inittext     0845
int$flags                                             (abs)        007E
intlevel0                                             functab      0000
intlevel1                                             functab      0000
intlevel2                                             functab      0000
intlevel3                                             functab      0000
intlevel4                                             functab      0000
intlevel5                                             functab      0000
processButtonRelease@button                           cstackCOMMON 0072
processButtonTouch@button                             cstackCOMMON 0072
processProximityActivate@prox                         cstackCOMMON 0072
processProximityNotActivate@prox                      cstackCOMMON 0072
reset_vec                                             reset_vec    0000
stackhi                                               (abs)        0000
stacklo                                               (abs)        0000
start                                                 init         0023
start_initialization                                  cinit        07CB
wtemp0                                                (abs)        007E
